// Jest Snapshot v1, https://goo.gl/fbAQLP

exports[`TimePanel render: correct 12hours in the fixed time list 1`] = `
<div
  class="mx-time"
>
  <!---->
   
  <div
    class="mx-time-content"
  >
    <div
      class="mx-scrollbar"
      style="position: relative; overflow: hidden;"
    >
      <div
        class="mx-scrollbar-wrap"
        style="margin-right: -0px;"
      >
        <div
          class="mx-time-option"
          tabindex="0"
        >
          
    08:30 AM
  
        </div>
        <div
          class="mx-time-option"
          tabindex="0"
        >
          
    09:00 AM
  
        </div>
        <div
          class="mx-time-option"
          tabindex="0"
        >
          
    09:30 AM
  
        </div>
        <div
          class="mx-time-option"
          tabindex="0"
        >
          
    10:00 AM
  
        </div>
        <div
          class="mx-time-option"
          tabindex="0"
        >
          
    10:30 AM
  
        </div>
        <div
          class="mx-time-option"
          tabindex="0"
        >
          
    11:00 AM
  
        </div>
        <div
          class="mx-time-option"
          tabindex="0"
        >
          
    11:30 AM
  
        </div>
        <div
          class="mx-time-option"
          tabindex="0"
        >
          
    12:00 PM
  
        </div>
        <div
          class="mx-time-option active"
          tabindex="0"
        >
          
    12:30 PM
  
        </div>
        <div
          class="mx-time-option"
          tabindex="0"
        >
          
    01:00 PM
  
        </div>
        <div
          class="mx-time-option"
          tabindex="0"
        >
          
    01:30 PM
  
        </div>
        <div
          class="mx-time-option"
          tabindex="0"
        >
          
    02:00 PM
  
        </div>
        <div
          class="mx-time-option"
          tabindex="0"
        >
          
    02:30 PM
  
        </div>
        <div
          class="mx-time-option"
          tabindex="0"
        >
          
    03:00 PM
  
        </div>
        <div
          class="mx-time-option"
          tabindex="0"
        >
          
    03:30 PM
  
        </div>
        <div
          class="mx-time-option"
          tabindex="0"
        >
          
    04:00 PM
  
        </div>
        <div
          class="mx-time-option"
          tabindex="0"
        >
          
    04:30 PM
  
        </div>
        <div
          class="mx-time-option"
          tabindex="0"
        >
          
    05:00 PM
  
        </div>
        <div
          class="mx-time-option"
          tabindex="0"
        >
          
    05:30 PM
  
        </div>
        <div
          class="mx-time-option"
          tabindex="0"
        >
          
    06:00 PM
  
        </div>
        <div
          class="mx-time-option"
          tabindex="0"
        >
          
    06:30 PM
  
        </div>
      </div>
       
      <div
        class="mx-scrollbar-track"
      >
        <div
          class="mx-scrollbar-thumb"
        />
      </div>
    </div>
  </div>
</div>
`;

exports[`TimePanel render: correct classes of the columns 1`] = `
<div
  class="mx-time"
>
  <!---->
   
  <div
    class="mx-time-content"
  >
    <div
      class="mx-time-columns"
    >
      <div
        class="mx-scrollbar mx-time-column"
        style="position: relative; overflow: hidden;"
      >
        <div
          class="mx-scrollbar-wrap"
          style="margin-right: -0px;"
        >
          <ul
            class="mx-time-list"
            data-index="0"
            data-type="hour"
          >
            <li
              class="mx-time-item disabled"
              data-index="0"
              tabindex="-1"
            >
              
        00
      
            </li>
            <li
              class="mx-time-item disabled"
              data-index="1"
              tabindex="-1"
            >
              
        01
      
            </li>
            <li
              class="mx-time-item disabled"
              data-index="2"
              tabindex="-1"
            >
              
        02
      
            </li>
            <li
              class="mx-time-item disabled"
              data-index="3"
              tabindex="-1"
            >
              
        03
      
            </li>
            <li
              class="mx-time-item disabled"
              data-index="4"
              tabindex="-1"
            >
              
        04
      
            </li>
            <li
              class="mx-time-item disabled"
              data-index="5"
              tabindex="-1"
            >
              
        05
      
            </li>
            <li
              class="mx-time-item disabled"
              data-index="6"
              tabindex="-1"
            >
              
        06
      
            </li>
            <li
              class="mx-time-item disabled"
              data-index="7"
              tabindex="-1"
            >
              
        07
      
            </li>
            <li
              class="mx-time-item disabled"
              data-index="8"
              tabindex="-1"
            >
              
        08
      
            </li>
            <li
              class="mx-time-item disabled"
              data-index="9"
              tabindex="-1"
            >
              
        09
      
            </li>
            <li
              class="mx-time-item"
              data-index="10"
              tabindex="0"
            >
              
        10
      
            </li>
            <li
              class="mx-time-item"
              data-index="11"
              tabindex="0"
            >
              
        11
      
            </li>
            <li
              class="mx-time-item active"
              data-index="12"
              tabindex="0"
            >
              
        12
      
            </li>
            <li
              class="mx-time-item"
              data-index="13"
              tabindex="0"
            >
              
        13
      
            </li>
            <li
              class="mx-time-item"
              data-index="14"
              tabindex="0"
            >
              
        14
      
            </li>
            <li
              class="mx-time-item"
              data-index="15"
              tabindex="0"
            >
              
        15
      
            </li>
            <li
              class="mx-time-item"
              data-index="16"
              tabindex="0"
            >
              
        16
      
            </li>
            <li
              class="mx-time-item"
              data-index="17"
              tabindex="0"
            >
              
        17
      
            </li>
            <li
              class="mx-time-item"
              data-index="18"
              tabindex="0"
            >
              
        18
      
            </li>
            <li
              class="mx-time-item"
              data-index="19"
              tabindex="0"
            >
              
        19
      
            </li>
            <li
              class="mx-time-item"
              data-index="20"
              tabindex="0"
            >
              
        20
      
            </li>
            <li
              class="mx-time-item"
              data-index="21"
              tabindex="0"
            >
              
        21
      
            </li>
            <li
              class="mx-time-item"
              data-index="22"
              tabindex="0"
            >
              
        22
      
            </li>
            <li
              class="mx-time-item"
              data-index="23"
              tabindex="0"
            >
              
        23
      
            </li>
          </ul>
        </div>
         
        <div
          class="mx-scrollbar-track"
        >
          <div
            class="mx-scrollbar-thumb"
          />
        </div>
      </div>
      <div
        class="mx-scrollbar mx-time-column"
        style="position: relative; overflow: hidden;"
      >
        <div
          class="mx-scrollbar-wrap"
          style="margin-right: -0px;"
        >
          <ul
            class="mx-time-list"
            data-index="1"
            data-type="minute"
          >
            <li
              class="mx-time-item"
              data-index="0"
              tabindex="0"
            >
              
        00
      
            </li>
            <li
              class="mx-time-item"
              data-index="1"
              tabindex="0"
            >
              
        01
      
            </li>
            <li
              class="mx-time-item"
              data-index="2"
              tabindex="0"
            >
              
        02
      
            </li>
            <li
              class="mx-time-item"
              data-index="3"
              tabindex="0"
            >
              
        03
      
            </li>
            <li
              class="mx-time-item"
              data-index="4"
              tabindex="0"
            >
              
        04
      
            </li>
            <li
              class="mx-time-item"
              data-index="5"
              tabindex="0"
            >
              
        05
      
            </li>
            <li
              class="mx-time-item"
              data-index="6"
              tabindex="0"
            >
              
        06
      
            </li>
            <li
              class="mx-time-item"
              data-index="7"
              tabindex="0"
            >
              
        07
      
            </li>
            <li
              class="mx-time-item"
              data-index="8"
              tabindex="0"
            >
              
        08
      
            </li>
            <li
              class="mx-time-item"
              data-index="9"
              tabindex="0"
            >
              
        09
      
            </li>
            <li
              class="mx-time-item"
              data-index="10"
              tabindex="0"
            >
              
        10
      
            </li>
            <li
              class="mx-time-item"
              data-index="11"
              tabindex="0"
            >
              
        11
      
            </li>
            <li
              class="mx-time-item"
              data-index="12"
              tabindex="0"
            >
              
        12
      
            </li>
            <li
              class="mx-time-item"
              data-index="13"
              tabindex="0"
            >
              
        13
      
            </li>
            <li
              class="mx-time-item"
              data-index="14"
              tabindex="0"
            >
              
        14
      
            </li>
            <li
              class="mx-time-item"
              data-index="15"
              tabindex="0"
            >
              
        15
      
            </li>
            <li
              class="mx-time-item"
              data-index="16"
              tabindex="0"
            >
              
        16
      
            </li>
            <li
              class="mx-time-item"
              data-index="17"
              tabindex="0"
            >
              
        17
      
            </li>
            <li
              class="mx-time-item"
              data-index="18"
              tabindex="0"
            >
              
        18
      
            </li>
            <li
              class="mx-time-item"
              data-index="19"
              tabindex="0"
            >
              
        19
      
            </li>
            <li
              class="mx-time-item"
              data-index="20"
              tabindex="0"
            >
              
        20
      
            </li>
            <li
              class="mx-time-item"
              data-index="21"
              tabindex="0"
            >
              
        21
      
            </li>
            <li
              class="mx-time-item"
              data-index="22"
              tabindex="0"
            >
              
        22
      
            </li>
            <li
              class="mx-time-item"
              data-index="23"
              tabindex="0"
            >
              
        23
      
            </li>
            <li
              class="mx-time-item"
              data-index="24"
              tabindex="0"
            >
              
        24
      
            </li>
            <li
              class="mx-time-item"
              data-index="25"
              tabindex="0"
            >
              
        25
      
            </li>
            <li
              class="mx-time-item"
              data-index="26"
              tabindex="0"
            >
              
        26
      
            </li>
            <li
              class="mx-time-item"
              data-index="27"
              tabindex="0"
            >
              
        27
      
            </li>
            <li
              class="mx-time-item"
              data-index="28"
              tabindex="0"
            >
              
        28
      
            </li>
            <li
              class="mx-time-item"
              data-index="29"
              tabindex="0"
            >
              
        29
      
            </li>
            <li
              class="mx-time-item active"
              data-index="30"
              tabindex="0"
            >
              
        30
      
            </li>
            <li
              class="mx-time-item"
              data-index="31"
              tabindex="0"
            >
              
        31
      
            </li>
            <li
              class="mx-time-item"
              data-index="32"
              tabindex="0"
            >
              
        32
      
            </li>
            <li
              class="mx-time-item"
              data-index="33"
              tabindex="0"
            >
              
        33
      
            </li>
            <li
              class="mx-time-item"
              data-index="34"
              tabindex="0"
            >
              
        34
      
            </li>
            <li
              class="mx-time-item"
              data-index="35"
              tabindex="0"
            >
              
        35
      
            </li>
            <li
              class="mx-time-item"
              data-index="36"
              tabindex="0"
            >
              
        36
      
            </li>
            <li
              class="mx-time-item"
              data-index="37"
              tabindex="0"
            >
              
        37
      
            </li>
            <li
              class="mx-time-item"
              data-index="38"
              tabindex="0"
            >
              
        38
      
            </li>
            <li
              class="mx-time-item"
              data-index="39"
              tabindex="0"
            >
              
        39
      
            </li>
            <li
              class="mx-time-item"
              data-index="40"
              tabindex="0"
            >
              
        40
      
            </li>
            <li
              class="mx-time-item"
              data-index="41"
              tabindex="0"
            >
              
        41
      
            </li>
            <li
              class="mx-time-item"
              data-index="42"
              tabindex="0"
            >
              
        42
      
            </li>
            <li
              class="mx-time-item"
              data-index="43"
              tabindex="0"
            >
              
        43
      
            </li>
            <li
              class="mx-time-item"
              data-index="44"
              tabindex="0"
            >
              
        44
      
            </li>
            <li
              class="mx-time-item"
              data-index="45"
              tabindex="0"
            >
              
        45
      
            </li>
            <li
              class="mx-time-item"
              data-index="46"
              tabindex="0"
            >
              
        46
      
            </li>
            <li
              class="mx-time-item"
              data-index="47"
              tabindex="0"
            >
              
        47
      
            </li>
            <li
              class="mx-time-item"
              data-index="48"
              tabindex="0"
            >
              
        48
      
            </li>
            <li
              class="mx-time-item"
              data-index="49"
              tabindex="0"
            >
              
        49
      
            </li>
            <li
              class="mx-time-item"
              data-index="50"
              tabindex="0"
            >
              
        50
      
            </li>
            <li
              class="mx-time-item"
              data-index="51"
              tabindex="0"
            >
              
        51
      
            </li>
            <li
              class="mx-time-item"
              data-index="52"
              tabindex="0"
            >
              
        52
      
            </li>
            <li
              class="mx-time-item"
              data-index="53"
              tabindex="0"
            >
              
        53
      
            </li>
            <li
              class="mx-time-item"
              data-index="54"
              tabindex="0"
            >
              
        54
      
            </li>
            <li
              class="mx-time-item"
              data-index="55"
              tabindex="0"
            >
              
        55
      
            </li>
            <li
              class="mx-time-item"
              data-index="56"
              tabindex="0"
            >
              
        56
      
            </li>
            <li
              class="mx-time-item"
              data-index="57"
              tabindex="0"
            >
              
        57
      
            </li>
            <li
              class="mx-time-item"
              data-index="58"
              tabindex="0"
            >
              
        58
      
            </li>
            <li
              class="mx-time-item"
              data-index="59"
              tabindex="0"
            >
              
        59
      
            </li>
          </ul>
        </div>
         
        <div
          class="mx-scrollbar-track"
        >
          <div
            class="mx-scrollbar-thumb"
          />
        </div>
      </div>
      <div
        class="mx-scrollbar mx-time-column"
        style="position: relative; overflow: hidden;"
      >
        <div
          class="mx-scrollbar-wrap"
          style="margin-right: -0px;"
        >
          <ul
            class="mx-time-list"
            data-index="2"
            data-type="second"
          >
            <li
              class="mx-time-item"
              data-index="0"
              tabindex="0"
            >
              
        00
      
            </li>
            <li
              class="mx-time-item"
              data-index="1"
              tabindex="0"
            >
              
        01
      
            </li>
            <li
              class="mx-time-item"
              data-index="2"
              tabindex="0"
            >
              
        02
      
            </li>
            <li
              class="mx-time-item"
              data-index="3"
              tabindex="0"
            >
              
        03
      
            </li>
            <li
              class="mx-time-item"
              data-index="4"
              tabindex="0"
            >
              
        04
      
            </li>
            <li
              class="mx-time-item"
              data-index="5"
              tabindex="0"
            >
              
        05
      
            </li>
            <li
              class="mx-time-item"
              data-index="6"
              tabindex="0"
            >
              
        06
      
            </li>
            <li
              class="mx-time-item"
              data-index="7"
              tabindex="0"
            >
              
        07
      
            </li>
            <li
              class="mx-time-item"
              data-index="8"
              tabindex="0"
            >
              
        08
      
            </li>
            <li
              class="mx-time-item"
              data-index="9"
              tabindex="0"
            >
              
        09
      
            </li>
            <li
              class="mx-time-item"
              data-index="10"
              tabindex="0"
            >
              
        10
      
            </li>
            <li
              class="mx-time-item"
              data-index="11"
              tabindex="0"
            >
              
        11
      
            </li>
            <li
              class="mx-time-item"
              data-index="12"
              tabindex="0"
            >
              
        12
      
            </li>
            <li
              class="mx-time-item"
              data-index="13"
              tabindex="0"
            >
              
        13
      
            </li>
            <li
              class="mx-time-item"
              data-index="14"
              tabindex="0"
            >
              
        14
      
            </li>
            <li
              class="mx-time-item"
              data-index="15"
              tabindex="0"
            >
              
        15
      
            </li>
            <li
              class="mx-time-item"
              data-index="16"
              tabindex="0"
            >
              
        16
      
            </li>
            <li
              class="mx-time-item"
              data-index="17"
              tabindex="0"
            >
              
        17
      
            </li>
            <li
              class="mx-time-item"
              data-index="18"
              tabindex="0"
            >
              
        18
      
            </li>
            <li
              class="mx-time-item"
              data-index="19"
              tabindex="0"
            >
              
        19
      
            </li>
            <li
              class="mx-time-item"
              data-index="20"
              tabindex="0"
            >
              
        20
      
            </li>
            <li
              class="mx-time-item"
              data-index="21"
              tabindex="0"
            >
              
        21
      
            </li>
            <li
              class="mx-time-item"
              data-index="22"
              tabindex="0"
            >
              
        22
      
            </li>
            <li
              class="mx-time-item"
              data-index="23"
              tabindex="0"
            >
              
        23
      
            </li>
            <li
              class="mx-time-item"
              data-index="24"
              tabindex="0"
            >
              
        24
      
            </li>
            <li
              class="mx-time-item"
              data-index="25"
              tabindex="0"
            >
              
        25
      
            </li>
            <li
              class="mx-time-item"
              data-index="26"
              tabindex="0"
            >
              
        26
      
            </li>
            <li
              class="mx-time-item"
              data-index="27"
              tabindex="0"
            >
              
        27
      
            </li>
            <li
              class="mx-time-item"
              data-index="28"
              tabindex="0"
            >
              
        28
      
            </li>
            <li
              class="mx-time-item"
              data-index="29"
              tabindex="0"
            >
              
        29
      
            </li>
            <li
              class="mx-time-item active"
              data-index="30"
              tabindex="0"
            >
              
        30
      
            </li>
            <li
              class="mx-time-item"
              data-index="31"
              tabindex="0"
            >
              
        31
      
            </li>
            <li
              class="mx-time-item"
              data-index="32"
              tabindex="0"
            >
              
        32
      
            </li>
            <li
              class="mx-time-item"
              data-index="33"
              tabindex="0"
            >
              
        33
      
            </li>
            <li
              class="mx-time-item"
              data-index="34"
              tabindex="0"
            >
              
        34
      
            </li>
            <li
              class="mx-time-item"
              data-index="35"
              tabindex="0"
            >
              
        35
      
            </li>
            <li
              class="mx-time-item"
              data-index="36"
              tabindex="0"
            >
              
        36
      
            </li>
            <li
              class="mx-time-item"
              data-index="37"
              tabindex="0"
            >
              
        37
      
            </li>
            <li
              class="mx-time-item"
              data-index="38"
              tabindex="0"
            >
              
        38
      
            </li>
            <li
              class="mx-time-item"
              data-index="39"
              tabindex="0"
            >
              
        39
      
            </li>
            <li
              class="mx-time-item"
              data-index="40"
              tabindex="0"
            >
              
        40
      
            </li>
            <li
              class="mx-time-item"
              data-index="41"
              tabindex="0"
            >
              
        41
      
            </li>
            <li
              class="mx-time-item"
              data-index="42"
              tabindex="0"
            >
              
        42
      
            </li>
            <li
              class="mx-time-item"
              data-index="43"
              tabindex="0"
            >
              
        43
      
            </li>
            <li
              class="mx-time-item"
              data-index="44"
              tabindex="0"
            >
              
        44
      
            </li>
            <li
              class="mx-time-item"
              data-index="45"
              tabindex="0"
            >
              
        45
      
            </li>
            <li
              class="mx-time-item"
              data-index="46"
              tabindex="0"
            >
              
        46
      
            </li>
            <li
              class="mx-time-item"
              data-index="47"
              tabindex="0"
            >
              
        47
      
            </li>
            <li
              class="mx-time-item"
              data-index="48"
              tabindex="0"
            >
              
        48
      
            </li>
            <li
              class="mx-time-item"
              data-index="49"
              tabindex="0"
            >
              
        49
      
            </li>
            <li
              class="mx-time-item"
              data-index="50"
              tabindex="0"
            >
              
        50
      
            </li>
            <li
              class="mx-time-item"
              data-index="51"
              tabindex="0"
            >
              
        51
      
            </li>
            <li
              class="mx-time-item"
              data-index="52"
              tabindex="0"
            >
              
        52
      
            </li>
            <li
              class="mx-time-item"
              data-index="53"
              tabindex="0"
            >
              
        53
      
            </li>
            <li
              class="mx-time-item"
              data-index="54"
              tabindex="0"
            >
              
        54
      
            </li>
            <li
              class="mx-time-item"
              data-index="55"
              tabindex="0"
            >
              
        55
      
            </li>
            <li
              class="mx-time-item"
              data-index="56"
              tabindex="0"
            >
              
        56
      
            </li>
            <li
              class="mx-time-item"
              data-index="57"
              tabindex="0"
            >
              
        57
      
            </li>
            <li
              class="mx-time-item"
              data-index="58"
              tabindex="0"
            >
              
        58
      
            </li>
            <li
              class="mx-time-item"
              data-index="59"
              tabindex="0"
            >
              
        59
      
            </li>
          </ul>
        </div>
         
        <div
          class="mx-scrollbar-track"
        >
          <div
            class="mx-scrollbar-thumb"
          />
        </div>
      </div>
    </div>
  </div>
</div>
`;

exports[`TimePanel render: correct classes of the fixed time list 1`] = `
<div
  class="mx-time"
>
  <!---->
   
  <div
    class="mx-time-content"
  >
    <div
      class="mx-scrollbar"
      style="position: relative; overflow: hidden;"
    >
      <div
        class="mx-scrollbar-wrap"
        style="margin-right: -0px;"
      >
        <div
          class="mx-time-option disabled"
          tabindex="-1"
        >
          
    08:30
  
        </div>
        <div
          class="mx-time-option disabled"
          tabindex="-1"
        >
          
    09:00
  
        </div>
        <div
          class="mx-time-option disabled"
          tabindex="-1"
        >
          
    09:30
  
        </div>
        <div
          class="mx-time-option"
          tabindex="0"
        >
          
    10:00
  
        </div>
        <div
          class="mx-time-option"
          tabindex="0"
        >
          
    10:30
  
        </div>
        <div
          class="mx-time-option"
          tabindex="0"
        >
          
    11:00
  
        </div>
        <div
          class="mx-time-option"
          tabindex="0"
        >
          
    11:30
  
        </div>
        <div
          class="mx-time-option"
          tabindex="0"
        >
          
    12:00
  
        </div>
        <div
          class="mx-time-option active"
          tabindex="0"
        >
          
    12:30
  
        </div>
        <div
          class="mx-time-option"
          tabindex="0"
        >
          
    13:00
  
        </div>
        <div
          class="mx-time-option"
          tabindex="0"
        >
          
    13:30
  
        </div>
        <div
          class="mx-time-option"
          tabindex="0"
        >
          
    14:00
  
        </div>
        <div
          class="mx-time-option"
          tabindex="0"
        >
          
    14:30
  
        </div>
        <div
          class="mx-time-option"
          tabindex="0"
        >
          
    15:00
  
        </div>
        <div
          class="mx-time-option"
          tabindex="0"
        >
          
    15:30
  
        </div>
        <div
          class="mx-time-option"
          tabindex="0"
        >
          
    16:00
  
        </div>
        <div
          class="mx-time-option"
          tabindex="0"
        >
          
    16:30
  
        </div>
        <div
          class="mx-time-option"
          tabindex="0"
        >
          
    17:00
  
        </div>
        <div
          class="mx-time-option"
          tabindex="0"
        >
          
    17:30
  
        </div>
        <div
          class="mx-time-option"
          tabindex="0"
        >
          
    18:00
  
        </div>
        <div
          class="mx-time-option"
          tabindex="0"
        >
          
    18:30
  
        </div>
      </div>
       
      <div
        class="mx-scrollbar-track"
      >
        <div
          class="mx-scrollbar-thumb"
        />
      </div>
    </div>
  </div>
</div>
`;

exports[`TimePanel render: correct columns by format 1`] = `
<div
  class="mx-time"
>
  <!---->
   
  <div
    class="mx-time-content"
  >
    <div
      class="mx-time-columns"
    >
      <div
        class="mx-scrollbar mx-time-column"
        style="position: relative; overflow: hidden;"
      >
        <div
          class="mx-scrollbar-wrap"
          style="margin-right: -0px;"
        >
          <ul
            class="mx-time-list"
            data-index="0"
            data-type="hour"
          >
            <li
              class="mx-time-item"
              data-index="0"
              tabindex="0"
            >
              
        08
      
            </li>
            <li
              class="mx-time-item"
              data-index="1"
              tabindex="0"
            >
              
        09
      
            </li>
            <li
              class="mx-time-item"
              data-index="2"
              tabindex="0"
            >
              
        10
      
            </li>
            <li
              class="mx-time-item"
              data-index="3"
              tabindex="0"
            >
              
        11
      
            </li>
          </ul>
        </div>
         
        <div
          class="mx-scrollbar-track"
        >
          <div
            class="mx-scrollbar-thumb"
          />
        </div>
      </div>
      <div
        class="mx-scrollbar mx-time-column"
        style="position: relative; overflow: hidden;"
      >
        <div
          class="mx-scrollbar-wrap"
          style="margin-right: -0px;"
        >
          <ul
            class="mx-time-list"
            data-index="1"
            data-type="minute"
          >
            <li
              class="mx-time-item active"
              data-index="0"
              tabindex="0"
            >
              
        00
      
            </li>
            <li
              class="mx-time-item"
              data-index="1"
              tabindex="0"
            >
              
        30
      
            </li>
          </ul>
        </div>
         
        <div
          class="mx-scrollbar-track"
        >
          <div
            class="mx-scrollbar-thumb"
          />
        </div>
      </div>
      <div
        class="mx-scrollbar mx-time-column"
        style="position: relative; overflow: hidden;"
      >
        <div
          class="mx-scrollbar-wrap"
          style="margin-right: -0px;"
        >
          <ul
            class="mx-time-list"
            data-index="2"
            data-type="ampm"
          >
            <li
              class="mx-time-item active"
              data-index="0"
              tabindex="0"
            >
              
        AM
      
            </li>
            <li
              class="mx-time-item"
              data-index="1"
              tabindex="0"
            >
              
        PM
      
            </li>
          </ul>
        </div>
         
        <div
          class="mx-scrollbar-track"
        >
          <div
            class="mx-scrollbar-thumb"
          />
        </div>
      </div>
    </div>
  </div>
</div>
`;
